HP@LAPTOP-SGT2C5ER MINGW64 ~/Desktop/Assignments (master)
$ git branch css-Assignments

HP@LAPTOP-SGT2C5ER MINGW64 ~/Desktop/Assignments (master)
$ git checkout css-assignments
Switched to branch 'css-assignments'


HP@LAPTOP-SGT2C5ER MINGW64 ~/Desktop/Assignments (css-assignments)
$ git add file1.css

HP@LAPTOP-SGT2C5ER MINGW64 ~/Desktop/Assignments (css-assignments)
$ git commit -m "comitting css file"
[master d49a04a] comitting css file
 1 file changed, 28 insertions(+)
 create mode 100644 Desktop/Assignments/file1.css

HP@LAPTOP-SGT2C5ER MINGW64 ~/Desktop/Assignments (css-assignments)
$ echo -e "this is section 2 of git branching section">>README.txt

HP@LAPTOP-SGT2C5ER MINGW64 ~/Desktop/Assignments (css-assignments)
$ git add README.txt
warning: LF will be replaced by CRLF in Desktop/Assignments/README.txt.
The file will have its original line endings in your working directory

HP@LAPTOP-SGT2C5ER MINGW64 ~/Desktop/Assignments (css-assignments)
$ git commit -m "Line 2 of README file is changed"
[css-assignments dc71b83] Line2 1 of README file is changed
 1 file changed, 1 insertion(+)

HP@LAPTOP-SGT2C5ER MINGW64 ~/Desktop/Assignments (css-assignments)
$ git checkout master
Switched to branch 'master'

HP@LAPTOP-SGT2C5ER MINGW64 ~/Desktop/Assignments (master)
$ echo -e "this is section 2 of git branching section and almoste completed it">>README.txt

HP@LAPTOP-SGT2C5ER MINGW64 ~/Desktop/Assignments (master)
$ git add README.txt
warning: LF will be replaced by CRLF in Desktop/Assignments/README.txt.
The file will have its original line endings in your working directory

HP@LAPTOP-SGT2C5ER MINGW64 ~/Desktop/Assignments (master)
$ git commit -m "Line 3 of README file is changed on master branch"
[master 1605595] Line 3 of README file is changed on master branch
 1 file changed, 1 insertion(+)

HP@LAPTOP-SGT2C5ER MINGW64 ~/Desktop/Assignments (master)
$ git checkout css-assignments
Switched to branch 'css-assignments'
M       abcd.txt

HP@LAPTOP-SGT2C5ER MINGW64 ~/Desktop/Assignments (css-assignments)
$ echo -e "this is section 2 of git branching section and almost completed it and we are done">>README.txt

HP@LAPTOP-SGT2C5ER MINGW64 ~/Desktop/Assignments (css-assignments)
$ git add README.txt
warning: LF will be replaced by CRLF in Desktop/Assignments/README.txt.
The file will have its original line endings in your working directory

HP@LAPTOP-SGT2C5ER MINGW64 ~/Desktop/Assignments (css-assignments)
$ git commit -m "files have been changed on css-assignments branch"
[css-assignments 182a1d2] files have been changed on css-assignments branch
 1 file changed, 1 insertion(+)

HP@LAPTOP-SGT2C5ER MINGW64 ~/Desktop/Assignments (css-assignments)
$ git checkout master
Switched to branch 'master'

HP@LAPTOP-SGT2C5ER MINGW64 ~/Desktop/Assignments (master)
$ git merge css-assignments
Auto-merging Desktop/Assignments/README.txt

HP@LAPTOP-SGT2C5ER MINGW64 ~/Desktop/Assignments (master)
$ git merge html-assignments
Merge made by the 'recursive' strategy.
 Desktop/Assignments/index.html 
 2 file changed, 6 insertions(+)
 create mode 10044 Desktop/Assignments/file1.css

HP@LAPTOP-SGT2C5ER MINGW64 ~/Desktop/Assignments (master)
$ git branch -d Css-assignments
Deleted branch Css-assignments (was 182a1d2).

